2025-01-03 09:33:48 - Test log message
